// Jest Snapshot v1, https://goo.gl/fbAQLP

exports[`main .binWrapper should respect the SAUCECTL_INSTALL_BINARY wrapper 1`] = `
[MockFunction] {
  "calls": [
    [
      "http://some-fake-url",
      "darwin",
      "arm64",
    ],
  ],
  "results": [
    {
      "type": "return",
      "value": undefined,
    },
  ],
}
`;
